[stormapplications.com/index.html]
[stormapplications.com/_next/static/css/48b98a57dcdb193d.css]
[stormapplications.com/_next/static/chunks/webpack-8a000bd52f510dc0.js]
[stormapplications.com/_next/static/chunks/27a43bef-5bbb6157f4e84c28.js]
[stormapplications.com/_next/static/chunks/349-97f33d7251ef7a4c.js]
[stormapplications.com/_next/static/chunks/main-app-c842ed937b937f9a.js]
[stormapplications.com/_next/static/chunks/84fbfe7f-0c62f30cf8a23710.js]
[stormapplications.com/_next/static/chunks/324-38c4bb5bf1479ab5.js]
[stormapplications.com/_next/static/chunks/125-295a20a878e0ea53.js]
[stormapplications.com/_next/static/chunks/70-ef9bf35400888fee.js]
[stormapplications.com/_next/static/chunks/702-e92fa558e1c0edb3.js]
[stormapplications.com/_next/static/chunks/753-83b3d0cf595178f5.js]
[stormapplications.com/_next/static/chunks/261-e54629ec2b43283b.js]
[stormapplications.com/_next/static/chunks/806-e94e4338c06f99c1.js]
[stormapplications.com/_next/static/chunks/85-704a8d3dbacbafd3.js]
[stormapplications.com/_next/static/chunks/app/(dashboard)/layout-7df0cd3b2e6baf46.js]
[stormapplications.com/_next/static/chunks/245-7bac5e4443b26651.js]
[stormapplications.com/_next/static/chunks/23-af6b4d50971e08ae.js]
[backblue.gif]
[fade.gif]
[index.html]
[stormapplications.com/_next/static/chunks/app/layout-4c1787393ee88f4d.js]
[stormapplications.com/favicon.ico]
[stormapplications.com/_next/static/chunks/polyfills-78c92fac7aa8fdd8.js]
[stormapplications.com/storm.svg]
[stormapplications.com/planos.html]
[stormapplications.com/_next/background1a8b.png]
[stormapplications.com/_next/RoboApresentando435c.png]
[stormapplications.com/_next/RoboDinheirob892.png]
[stormapplications.com/_next/RoboTriste548d.png]
[stormapplications.com/termos.html]
[stormapplications.com/index.html]
[stormapplications.com/cdn-cgi/scripts/7d0fa10a/cloudflare-static/rocket-loader.min.js]
[stormapplications.com/_next/static/media/aec774cbe1963439-s.woff2]
[stormapplications.com/_next/static/media/634216363f5c73c1-s.woff2]
[stormapplications.com/_next/static/media/d83fe381bb17eb77-s.woff2]
[stormapplications.com/_next/static/media/88325a2c1fede2f4-s.woff2]
[stormapplications.com/_next/static/media/e1c529c04de64b40-s.p.woff2]
[stormapplications.com/_next/static/css/48b98a57dcdb193d.css]
[stormapplications.com/storm.svg]
[stormapplications.com/_next/static/chunks/app/(app)/planos/page-34df63fe4769cc3c.js]
[stormapplications.com/planos.html]
[stormapplications.com/_next/static/chunks/app/(app)/termos/page-8171c21fe61a1b0f.js]
[stormapplications.com/cdn-cgi/l/email-protection.html]
[stormapplications.com/termos.html]
[stormapplications.com/cdn-cgi/l/email-protection.html]
[stormapplications.com/cdn-cgi/scripts/5c5dd728/cloudflare-static/email-decode.min.js]
